// Jest Snapshot v1, https://goo.gl/fbAQLP

exports[`Paging component renders Paging 1`] = `
<section
  className="Button"
>
  <button
    onClick={[Function]}
  >
    Previous
  </button>
  <span>
    Page 
    1
  </span>
  <button
    onClick={[Function]}
  >
    Next
  </button>
</section>
`;
