// Jest Snapshot v1, https://goo.gl/fbAQLP

exports[`AlbumList component renders AlbumList 1`] = `
<section
  className="AlbumContainer"
>
  <h1>
    Albums: 
  </h1>
  <ul
    className="Albums"
  >
    <li
      key="0"
    >
      <AlbumItem
        albumId="4"
        albumTitle="title"
        artistName="name"
      />
    </li>
  </ul>
</section>
`;
